ASxxxx Linker V03.00 + NoICE + sdld,  page 1.
Hexadecimal  [32-Bits]

Area                       Addr        Size        Decimal Bytes (Attributes)
--------------------       ----        ----        ------- ----- ------------
.  .ABS.               00000000    00000000 =           0. bytes (ABS,CON)

        Value  Global            Value  Global            Value  Global    
        -----  ------            -----  ------            -----  ------    
     00000000  .__.ABS.  |    00000000  l__CABS   |    00000000  l__CODE_0
     00000000  l__DABS   |    00000000  l__EMU_HE |    00000000  l__HEADER
     00000000  l__HEADER |    00000000  l__HEADER |    00000000  l__HEAP  
     00000000  l__HRAM   |    00000000  l__LIT    |    00000000  l__SFR   
     00000000  s__CABS   |    00000000  s__DABS   |    00000000  s__EMU_HE
     00000000  s__EMU_HE |    00000000  s__HEADER |    00000000  s__HEADER
     00000000  s__HEADER |    00000000  s__HEADER |    00000000  s__HEADER
     00000000  s__HEADER |    00000000  s__HEADER |    00000000  s__HEADER
     00000000  s__HEADER |    00000000  s__HEADER |    00000000  s__HEADER
     00000000  s__HEADER |    00000000  s__HEADER |    00000000  s__HEADER
     00000000  s__HEADER |    00000000  s__HEADER |    00000000  s__HEADER
     00000000  s__HEADER |    00000000  s__HEADER |    00000000  s__HEADER
     00000000  s__HEADER |    00000000  s__HEADER |    00000000  s__HRAM  
     00000000  s__HRAM11 |    00000000  s__SFR    |    00000000  s__SFR0  
     00000000  s__SFR1   |    00000000  s__SFR10  |    00000000  s__SFR11 
     00000000  s__SFR12  |    00000000  s__SFR13  |    00000000  s__SFR14 
     00000000  s__SFR15  |    00000000  s__SFR16  |    00000000  s__SFR17 
     00000000  s__SFR18  |    00000000  s__SFR19  |    00000000  s__SFR1a 
     00000000  s__SFR1b  |    00000000  s__SFR1c  |    00000000  s__SFR1d 
     00000000  s__SFR1e  |    00000000  s__SFR1f  |    00000000  s__SFR2  
     00000000  s__SFR20  |    00000000  s__SFR21  |    00000000  s__SFR22 
     00000000  s__SFR23  |    00000000  s__SFR24  |    00000000  s__SFR25 
     00000000  s__SFR26  |    00000000  s__SFR27  |    00000000  s__SFR28 
     00000000  s__SFR29  |    00000000  s__SFR2a  |    00000000  s__SFR2b 
     00000000  s__SFR2c  |    00000000  s__SFR2d  |    00000000  s__SFR2e 
     00000000  s__SFR2f  |    00000000  s__SFR3   |    00000000  s__SFR30 
     00000000  s__SFR31  |    00000000  s__SFR32  |    00000000  s__SFR33 
     00000000  s__SFR34  |    00000000  s__SFR35  |    00000000  s__SFR36 
     00000000  s__SFR4   |    00000000  s__SFR5   |    00000000  s__SFR6  
     00000000  s__SFR7   |    00000000  s__SFR8   |    00000000  s__SFR9  
     00000000  s__SFRa   |    00000000  s__SFRb   |    00000000  s__SFRc  
     00000000  s__SFRd   |    00000000  s__SFRe   |    00000000  s__SFRf  
     00000001  b_Activat |    00000001  b_ActorAt |    00000001  b_ActorAt
     00000001  b_ActorAt |    00000001  b_ActorAt |    00000001  b_ActorAt
     00000001  b_ActorAt |    00000001  b_ActorIn |    00000001  b_ActorIn
     00000001  b_ActorOv |    00000001  b_ActorRu |    00000001  b_ApplyPa
     00000001  b_CheckCo |    00000001  b_Deactiv |    00000001  b_FadeIn_
     00000001  b_FadeOut |    00000001  b_FadeUpd |    00000001  b_InitPla
     00000001  b_Project |    00000001  b_Project |    00000001  b_Refresh
     00000001  b_SpriteP |    00000001  b_SpriteP |    00000001  b_SpriteP
     00000001  b_Trigger |    00000001  b_UIDrawD |    00000001  b_UIDrawF
     00000001  b_UIInit_ |    00000001  b_UIOnInt |    00000001  b_UIReset
     00000001  b_UISetCo |    00000001  b_UIShowM |    00000001  b_UIShowT
     00000001  b_UIUpdat |    00000001  b_UpdateP |    00000001  b_WeaponA
     00000001  l__GSFINA |    00000001  l__HEADER |    00000001  l__HEADER
     00000001  l__HEADER |    00000001  l__HEADER |    00000001  l__HEADER
     00000001  l__HEADER |    00000001  l__HEADER |    00000001  l__SFR0  
     00000001  l__SFR1   |    00000001  l__SFR10  |    00000001  l__SFR11 
     00000001  l__SFR12  |    00000001  l__SFR13  |    00000001  l__SFR14 
     00000001  l__SFR15  |    00000001  l__SFR16  |    00000001  l__SFR17 
ASxxxx Linker V03.00 + NoICE + sdld,  page 2.
Hexadecimal  [32-Bits]

Area                       Addr        Size        Decimal Bytes (Attributes)
--------------------       ----        ----        ------- ----- ------------
.  .ABS.               00000000    00000000 =           0. bytes (ABS,CON)

        Value  Global            Value  Global            Value  Global    
        -----  ------            -----  ------            -----  ------    
     00000001  l__SFR18  |    00000001  l__SFR19  |    00000001  l__SFR1a 
     00000001  l__SFR1b  |    00000001  l__SFR1c  |    00000001  l__SFR1d 
     00000001  l__SFR1e  |    00000001  l__SFR1f  |    00000001  l__SFR2  
     00000001  l__SFR20  |    00000001  l__SFR21  |    00000001  l__SFR22 
     00000001  l__SFR23  |    00000001  l__SFR24  |    00000001  l__SFR25 
     00000001  l__SFR26  |    00000001  l__SFR27  |    00000001  l__SFR28 
     00000001  l__SFR29  |    00000001  l__SFR2a  |    00000001  l__SFR2b 
     00000001  l__SFR2c  |    00000001  l__SFR2d  |    00000001  l__SFR2e 
     00000001  l__SFR2f  |    00000001  l__SFR3   |    00000001  l__SFR30 
     00000001  l__SFR31  |    00000001  l__SFR32  |    00000001  l__SFR33 
     00000001  l__SFR34  |    00000001  l__SFR35  |    00000001  l__SFR36 
     00000001  l__SFR4   |    00000001  l__SFR5   |    00000001  l__SFR6  
     00000001  l__SFR7   |    00000001  l__SFR8   |    00000001  l__SFR9  
     00000001  l__SFRa   |    00000001  l__SFRb   |    00000001  l__SFRc  
     00000001  l__SFRd   |    00000001  l__SFRe   |    00000001  l__SFRf  
     00000002  l__HEADER |    00000002  l__HEADER |    00000002  l__HRAM11
     00000003  l__EMU_HE |    00000003  l__HEADER |    00000003  l__HEADER
     00000004  b_ScriptT |    00000004  b_Script_ |    00000005  l__HEADER
     00000006  l__HEADER |    00000007  l__HEADER |    00000008  l__HEADER
     00000008  l__HEADER |    0000002C  l__HEADER |    00000033  l__HEADER
     0000003A  l__BSS    |    0000007E  l__HEADER |    000000E6  l__HOME  
     00000200  s__CODE   |    000002D5  l__BASE   |    000005A9  l__GSINIT
     00000E48  l__DATA   |    000021F6  l__CODE_9 |    000023EE  l__CODE_5
     000028EF  l__CODE   |    00002AEF  s__HOME   |    00002BD5  s__BASE  
     00002EAA  s__CODE_0 |    00002EAA  s__GSINIT |    00002EAA  s__LIT   
     00003101  l__CODE_4 |    000032D4  l__CODE_1 |    00003453  s__GSFINA
     00003A52  l__CODE_1 |    00003F24  l__CODE_8 |    00003FDA  l__CODE_7
     00003FF2  l__CODE_6 |    0000C000  _shadow_O |    0000C0A0  s__DATA  
     0000CEE8  s__BSS    |    0000CF22  s__HEAP   |    0000E000  .STACK   
     0000FF80  .refresh_ |    00014000  s__CODE_1 |    00044000  s__CODE_4
     00054000  s__CODE_5 |    00064000  s__CODE_6 |    00074000  s__CODE_7
     00084000  s__CODE_8 |    00094000  s__CODE_9 |    000A4000  s__CODE_1
ASxxxx Linker V03.00 + NoICE + sdld,  page 3.
Hexadecimal  [32-Bits]

Area                       Addr        Size        Decimal Bytes (Attributes)
--------------------       ----        ----        ------- ----- ------------
_CODE                  00000200    000028EF =       10479. bytes (REL,CON)

        Value  Global            Value  Global            Value  Global    
        -----  ------            -----  ------            -----  ------    
     0000022D  _UpdateAc |    000004A5  _ActorsIn |    000004DE  _Activate
     000004ED  _Deactiva |    000004FC  _Deactiva |    00000571  _ActorAtT
     00000589  _ActorAt1 |    000005A1  _ActorAt1 |    000005B9  _ActorAt3
     000005D1  _ActorAt2 |    000005E9  _ActorAt3 |    00000601  _ActorOve
     00000610  _ActorInF |    00000624  _ActorInF |    00000633  _CheckCol
     0000064F  _InitPlay |    00000657  _ActorRun |    00000683  _ActorRun
     0000068B  _SetBanke |    000006A7  _SetBanke |    000006C3  _ReadBank
     000006DD  _ReadBank |    00000702  _MemcpyBa |    00000734  _PushBank
     0000074C  _PopBank  |    00000761  _UpdateCa |    0000089E  _TileAt  
     000008F6  _TileAt2x |    00000955  _TileAt2x |    000009CB  _SetScene
     000009DA  _vbl_upda |    00000A07  _lcd_upda |    00000A33  _core_sta
     00000E4F  _LoadTile |    00000E8C  _LoadImag |    00000F22  _LoadImag
     00000F4F  _LoadPale |    0000103F  _LoadUIPa |    0000107D  _LoadSpri
     000010BB  _LoadPlay |    000010F9  _LoadSpri |    00001151  _LoadScen
     000017DA  _FadeInit |    000017E1  _fade_spe |    000017E8  _FadeIn  
     000017F0  _FadeOut  |    000017F8  _FadeUpda |    00001800  _ApplyPal
     00001808  _FadeSetS |    00001818  _IsFading |    0000183A  gbt_get_p
     00001859  _gbt_play |    00001914  _gbt_paus |    00001925  _gbt_loop
     0000192C  _gbt_stop |    00001937  _gbt_enab |    0000193E  _gbt_upda
     00001A43  _HandleIn |    00001AA3  _RemoveIn |    00001AE5  _DespRigh
     00001AFA  _Lt16     |    00001B1F  _Gt16     |    00001B45  _MusicPla
     00001BA2  _MusicSto |    00001BB5  _MusicUpd |    00001BD0  _SoundPla
     00001BFE  _SoundSto |    00001C03  _SoundPla |    00001C25  _SoundPla
     00001C44  _Projecti |    00001C4C  _WeaponAt |    00001C70  _Projecti
     00001CAD  _UpdatePr |    00001CB5  _ScriptRu |    00001CB8  _ScriptSt
     00001CED  _ScriptSt |    00001DA0  _ScriptRu |    00001EF4  _ScriptTi
     00001EFC  _ScriptSa |    00001F4B  _ScriptRe |    00001FBE  _ScriptCt
     00001FCF  _ScriptCt |    00002000  _ScriptCt |    00002028  _SetTile 
     00002037  _WaitForM |    0000203E  _GetWinAd |    00002046  _GetBkgAd
     00002054  _ScrollUp |    000020C3  _ScrollUp |    000021B8  _ScrollUp
     000022F1  _ScrollUp |    00002368  _ScrollUp |    0000245A  _RefreshS
     00002462  _InitScro |    0000247D  _RenderSc |    0000252C  _SpritePo
     00002534  _SpritePo |    00002543  _SpritePo |    0000254B  _StackPus
     0000255D  _StackPop |    0000256B  _StackShi |    000025A9  _TriggerA
     000025BD  _TriggerR |    000025D7  _Activate |    0000261C  _UIInit  
     0000262E  _UIUpdate |    00002636  _UIReset  |    0000263E  _UIDrawFr
     0000265A  _UIDrawDi |    00002669  _UIShowTe |    0000269E  _UIShowAv
     0000278B  _UIShowCh |    000027AE  _UIShowMe |    000027D3  _UISetPos
     000027E6  _UIMoveTo |    00002813  _UIIsClos |    00002827  _UIOnInte
     0000282F  _UIAtDest |    00002847  _UISetCol |    00002858  _main    
     0000285F  _startFun |    0000286B  _updateFu |    00002877  _stateBan
     0000287D  _rand     |    0000287D  _randw    |    000028A8  _utoa    
     000028B7  _itoa     |    000028C6  .itoa     |    000028DA  .utoa    
     0000294E  __divsuch |    0000295D  __modsuch |    00002969  __divusch
     0000297B  __modusch |    0000298B  __divscha |    00002999  __modscha
     000029A5  __divsint |    000029B8  __modsint |    000029C9  __divucha
     000029D7  __moducha |    000029E3  __divuint |    000029F6  __moduint
     00002A07  .div8     |    00002A07  .mod8     |    00002A0F  .div16   
     00002A0F  .mod16    |    00002A45  .divu8    |    00002A45  .modu8   
     00002A48  .divu16   |    00002A48  .modu16   |    00002A89  __mulsuch
ASxxxx Linker V03.00 + NoICE + sdld,  page 4.
Hexadecimal  [32-Bits]

Area                       Addr        Size        Decimal Bytes (Attributes)
--------------------       ----        ----        ------- ----- ------------
_CODE                  00000200    000028EF =       10479. bytes (REL,CON)

        Value  Global            Value  Global            Value  Global    
        -----  ------            -----  ------            -----  ------    
     00002A93  __mulusch |    00002A9D  __mulscha |    00002AAF  __mulucha
     00002ABB  __mulint  |    00002AE1  _strlen   |    00002AE6  .strlen  
ASxxxx Linker V03.00 + NoICE + sdld,  page 5.
Hexadecimal  [32-Bits]

Area                       Addr        Size        Decimal Bytes (Attributes)
--------------------       ----        ----        ------- ----- ------------
_HEADER0               00000000    00000001 =           1. bytes (ABS,CON)

        Value  Global            Value  Global            Value  Global    
        -----  ------            -----  ------            -----  ------    
     00000020  .call_hl 
ASxxxx Linker V03.00 + NoICE + sdld,  page 6.
Hexadecimal  [32-Bits]

Area                       Addr        Size        Decimal Bytes (Attributes)
--------------------       ----        ----        ------- ----- ------------
_HEADER1               00000000    00000005 =           5. bytes (ABS,CON)

        Value  Global            Value  Global            Value  Global    
        -----  ------            -----  ------            -----  ------    
     00000028  .MemsetSm
ASxxxx Linker V03.00 + NoICE + sdld,  page 7.
Hexadecimal  [32-Bits]

Area                       Addr        Size        Decimal Bytes (Attributes)
--------------------       ----        ----        ------- ----- ------------
_HEADER2               00000000    00000007 =           7. bytes (ABS,CON)

        Value  Global            Value  Global            Value  Global    
        -----  ------            -----  ------            -----  ------    
     00000030  .MemcpySm
ASxxxx Linker V03.00 + NoICE + sdld,  page 8.
Hexadecimal  [32-Bits]

Area                       Addr        Size        Decimal Bytes (Attributes)
--------------------       ----        ----        ------- ----- ------------
_HEADER3               00000000    00000008 =           8. bytes (ABS,CON)

        Value  Global            Value  Global            Value  Global    
        -----  ------            -----  ------            -----  ------    
ASxxxx Linker V03.00 + NoICE + sdld,  page 9.
Hexadecimal  [32-Bits]

Area                       Addr        Size        Decimal Bytes (Attributes)
--------------------       ----        ----        ------- ----- ------------
_HEADER4               00000000    0000002C =          44. bytes (ABS,CON)

        Value  Global            Value  Global            Value  Global    
        -----  ------            -----  ------            -----  ------    
     00000080  .int      |    0000008F  _wait_int
ASxxxx Linker V03.00 + NoICE + sdld,  page 10.
Hexadecimal  [32-Bits]

Area                       Addr        Size        Decimal Bytes (Attributes)
--------------------       ----        ----        ------- ----- ------------
_HEADER5               00000000    00000033 =          51. bytes (ABS,CON)

        Value  Global            Value  Global            Value  Global    
        -----  ------            -----  ------            -----  ------    
ASxxxx Linker V03.00 + NoICE + sdld,  page 11.
Hexadecimal  [32-Bits]

Area                       Addr        Size        Decimal Bytes (Attributes)
--------------------       ----        ----        ------- ----- ------------
_HEADER6               00000000    00000006 =           6. bytes (ABS,CON)

        Value  Global            Value  Global            Value  Global    
        -----  ------            -----  ------            -----  ------    
ASxxxx Linker V03.00 + NoICE + sdld,  page 12.
Hexadecimal  [32-Bits]

Area                       Addr        Size        Decimal Bytes (Attributes)
--------------------       ----        ----        ------- ----- ------------
_HEADER7               00000000    00000003 =           3. bytes (ABS,CON)

        Value  Global            Value  Global            Value  Global    
        -----  ------            -----  ------            -----  ------    
ASxxxx Linker V03.00 + NoICE + sdld,  page 13.
Hexadecimal  [32-Bits]

Area                       Addr        Size        Decimal Bytes (Attributes)
--------------------       ----        ----        ------- ----- ------------
_HEADER8               00000000    00000001 =           1. bytes (ABS,CON)

        Value  Global            Value  Global            Value  Global    
        -----  ------            -----  ------            -----  ------    
ASxxxx Linker V03.00 + NoICE + sdld,  page 14.
Hexadecimal  [32-Bits]

Area                       Addr        Size        Decimal Bytes (Attributes)
--------------------       ----        ----        ------- ----- ------------
_HEADER9               00000000    00000001 =           1. bytes (ABS,CON)

        Value  Global            Value  Global            Value  Global    
        -----  ------            -----  ------            -----  ------    
ASxxxx Linker V03.00 + NoICE + sdld,  page 15.
Hexadecimal  [32-Bits]

Area                       Addr        Size        Decimal Bytes (Attributes)
--------------------       ----        ----        ------- ----- ------------
_HEADERa               00000000    00000001 =           1. bytes (ABS,CON)

        Value  Global            Value  Global            Value  Global    
        -----  ------            -----  ------            -----  ------    
ASxxxx Linker V03.00 + NoICE + sdld,  page 16.
Hexadecimal  [32-Bits]

Area                       Addr        Size        Decimal Bytes (Attributes)
--------------------       ----        ----        ------- ----- ------------
_HEADERb               00000000    00000002 =           2. bytes (ABS,CON)

        Value  Global            Value  Global            Value  Global    
        -----  ------            -----  ------            -----  ------    
ASxxxx Linker V03.00 + NoICE + sdld,  page 17.
Hexadecimal  [32-Bits]

Area                       Addr        Size        Decimal Bytes (Attributes)
--------------------       ----        ----        ------- ----- ------------
_HEADERc               00000000    00000001 =           1. bytes (ABS,CON)

        Value  Global            Value  Global            Value  Global    
        -----  ------            -----  ------            -----  ------    
ASxxxx Linker V03.00 + NoICE + sdld,  page 18.
Hexadecimal  [32-Bits]

Area                       Addr        Size        Decimal Bytes (Attributes)
--------------------       ----        ----        ------- ----- ------------
_HEADERd               00000000    00000001 =           1. bytes (ABS,CON)

        Value  Global            Value  Global            Value  Global    
        -----  ------            -----  ------            -----  ------    
ASxxxx Linker V03.00 + NoICE + sdld,  page 19.
Hexadecimal  [32-Bits]

Area                       Addr        Size        Decimal Bytes (Attributes)
--------------------       ----        ----        ------- ----- ------------
_HEADERe               00000000    00000002 =           2. bytes (ABS,CON)

        Value  Global            Value  Global            Value  Global    
        -----  ------            -----  ------            -----  ------    
ASxxxx Linker V03.00 + NoICE + sdld,  page 20.
Hexadecimal  [32-Bits]

Area                       Addr        Size        Decimal Bytes (Attributes)
--------------------       ----        ----        ------- ----- ------------
_HEADERf               00000000    0000007E =         126. bytes (ABS,CON)

        Value  Global            Value  Global            Value  Global    
        -----  ------            -----  ------            -----  ------    
     00000150  .reset    |    00000150  _reset    |    00000153  .code_sta
     000001B1  _exit     |    000001B5  _enable_i |    000001B7  _disable_
     000001B9  _set_inte
ASxxxx Linker V03.00 + NoICE + sdld,  page 21.
Hexadecimal  [32-Bits]

Area                       Addr        Size        Decimal Bytes (Attributes)
--------------------       ----        ----        ------- ----- ------------
_HEADER10              00000000    00000001 =           1. bytes (ABS,CON)

        Value  Global            Value  Global            Value  Global    
        -----  ------            -----  ------            -----  ------    
ASxxxx Linker V03.00 + NoICE + sdld,  page 22.
Hexadecimal  [32-Bits]

Area                       Addr        Size        Decimal Bytes (Attributes)
--------------------       ----        ----        ------- ----- ------------
_HOME                  00002AEF    000000E6 =         230. bytes (REL,CON)

        Value  Global            Value  Global            Value  Global    
        -----  ------            -----  ------            -----  ------    
     00002AEF  .remove_V |    00002AF2  .remove_i |    00002B0F  .add_VBL 
     00002B12  .add_int  |    00002B1D  .wait_vbl |    00002B1D  _wait_vbl
     00002B2C  .display_ |    00002B2C  _display_ |    00002B43  _remove_V
     00002B4E  _add_VBL  |    00002B59  _BGB_prof |    00002BA1  _strcat  
ASxxxx Linker V03.00 + NoICE + sdld,  page 23.
Hexadecimal  [32-Bits]

Area                       Addr        Size        Decimal Bytes (Attributes)
--------------------       ----        ----        ------- ----- ------------
_BASE                  00002BD5    000002D5 =         725. bytes (REL,CON)

        Value  Global            Value  Global            Value  Global    
        -----  ------            -----  ------            -----  ------    
     00002BD5  _fill_win |    00002BE7  _strcpy   |    00002BF9  _initrand
     00002BFB  .initrand |    00002C04  _add_TIM  |    00002C0F  .add_TIM 
     00002C15  _remove_T |    00002C20  .remove_T |    00002C26  _set_win_
     00002C3A  _set_bkg_ |    00002C3A  _set_win_ |    00002C42  _set_spri
     00002CB8  .fill_rec |    00002CC1  .fill_rec |    00002D0E  .padup   
     00002D0E  _waitpadu |    00002D1E  .jpad     |    00002D1E  _joypad  
     00002D46  _waitpad  |    00002D49  .wait_pad |    00002D50  ___sdcc_c
     00002D51  _memset   |    00002D60  .memset   |    00002D85  .memcpy  
     00002D88  ___memcpy |    00002D88  _memcpy   |    00002DD0  ___sdcc_b
     00002E10  _add_LCD  |    00002E1B  .add_LCD  |    00002E21  _remove_L
     00002E2C  .remove_L |    00002E32  .copy_vra |    00002E41  _get_data
     00002E41  _set_data |    00002E54  .set_xy_w |    00002E5D  .set_xy_b
     00002E6C  .set_xy_t
ASxxxx Linker V03.00 + NoICE + sdld,  page 24.
Hexadecimal  [32-Bits]

Area                       Addr        Size        Decimal Bytes (Attributes)
--------------------       ----        ----        ------- ----- ------------
_GSINIT                00002EAA    000005A9 =        1449. bytes (REL,CON)

        Value  Global            Value  Global            Value  Global    
        -----  ------            -----  ------            -----  ------    
     00002EAA  gsinit   
ASxxxx Linker V03.00 + NoICE + sdld,  page 25.
Hexadecimal  [32-Bits]

Area                       Addr        Size        Decimal Bytes (Attributes)
--------------------       ----        ----        ------- ----- ------------
_GSFINAL               00003453    00000001 =           1. bytes (REL,CON)

        Value  Global            Value  Global            Value  Global    
        -----  ------            -----  ------            -----  ------    
ASxxxx Linker V03.00 + NoICE + sdld,  page 26.
Hexadecimal  [32-Bits]

Area                       Addr        Size        Decimal Bytes (Attributes)
--------------------       ----        ----        ------- ----- ------------
_DATA                  0000C0A0    00000E48 =        3656. bytes (REL,CON)

        Value  Global            Value  Global            Value  Global    
        -----  ------            -----  ------            -----  ------    
     0000C0A0  _actors_a |    0000C0AB  _actors_a |    0000C0AC  _actors  
     0000C63E  _actor_pt |    0000C67C  _actors_a |    0000C687  _actors_a
     0000C688  _actor_mo |    0000C689  _map_next |    0000C68D  _map_next
     0000C68F  _map_next |    0000C691  _player_i |    0000C693  _bank_sta
     0000C69E  _camera_p |    0000C6A2  _camera_d |    0000C6A6  _camera_o
     0000C6A8  _camera_s |    0000C6A9  _camera_s |    0000C6AA  _camera_d
     0000C6AC  _game_tim |    0000C6AD  _seedRand |    0000C6AE  _next_sta
     0000C6B0  _delta_ti |    0000C6B1  _current_ |    0000C6B3  _state_ru
     0000C6B4  _vbl_coun |    0000C6B5  _old_scro |    0000C6B7  _old_scro
     0000C6B9  _music_mu |    0000C6BA  _bank_ptr |    0000C6BD  _image_ba
     0000C6BE  _image_at |    0000C6BF  _collisio |    0000C6C0  _image_pt
     0000C6C2  _image_at |    0000C6C4  _collisio |    0000C6C6  _image_ti
     0000C6C7  _image_ti |    0000C6C8  _image_wi |    0000C6CA  _image_he
     0000C6CC  _sprites_ |    0000C6CD  _actors_l |    0000C6CE  _scene_ty
     0000C6CF  _scene_ev |    0000C6D4  _fade_run |    0000C6D5  _fade_fra
     0000C6D6  _fade_bla |    0000C6D7  _fade_tim |    0000C6D8  gbt_playi
     0000C6D9  gbt_song  |    0000C6DB  gbt_bank  |    0000C6DC  gbt_speed
     0000C6DD  gbt_temp_ |    0000C6E9  gbt_loop_ |    0000C6EA  gbt_ticks
     0000C6EB  gbt_curre |    0000C6EC  gbt_curre |    0000C6ED  gbt_curre
     0000C6EF  gbt_chann |    0000C6F0  gbt_pan   |    0000C6F4  gbt_vol  
     0000C6F8  gbt_instr |    0000C6FC  gbt_freq  |    0000C702  gbt_chann
     0000C703  gbt_arpeg |    0000C70C  gbt_arpeg |    0000C70F  gbt_arpeg
     0000C712  gbt_sweep |    0000C715  gbt_cut_n |    0000C719  gbt_have_
     0000C71A  gbt_updat |    0000C71B  _joy      |    0000C71C  _last_joy
     0000C71D  _recent_j |    0000C71E  _await_in |    0000C71F  _input_wa
     0000C720  _input_sc |    0000C738  _input_sc |    0000C739  _input_ov
     0000C73A  _current_ |    0000C73B  _tone_fra |    0000C73C  _palette_
     0000C73D  _palette_ |    0000C73E  _SprPalet |    0000C77E  _BkgPalet
     0000C7BE  _SprPalet |    0000C7FE  _BkgPalet |    0000C83E  _projecti
     0000C8B1  _current_ |    0000C8B2  _RAMPtr   |    0000C8B4  _scene_st
     0000C8B5  _scene_st |    0000C8F5  _emote_ti |    0000C8F6  _shake_ti
     0000C8F7  _should_s |    0000C8F8  _should_s |    0000C8F9  _after_lo
     0000C8FA  _tmp_acto |    0000C8FC  _script_c |    0000C908  _active_s
     0000C920  _script_m |    0000C921  _script_c |    0000C928  _script_c
     0000C929  _script_s |    0000C92A  _script_s |    0000C93A  _script_b
     0000C942  _script_s |    0000C952  _script_c |    0000CA72  _active_s
     0000CA73  _script_c |    0000CA75  _timer_sc |    0000CA76  _timer_sc
     0000CA77  _timer_sc |    0000CA7A  _ctx_cmd_ |    0000CA7B  _scroll_x
     0000CA7D  _scroll_y |    0000CA7F  _draw_scr |    0000CA81  _draw_scr
     0000CA83  _scroll_x |    0000CA85  _scroll_y |    0000CA87  _scroll_o
     0000CA89  _scroll_o |    0000CA8B  _pending_ |    0000CA8D  _pending_
     0000CA8F  _pending_ |    0000CA90  _pending_ |    0000CA92  _pending_
     0000CA94  _pending_ |    0000CA96  _pending_ |    0000CA98  _pending_
     0000CA99  _scroll_t |    0000CA9B  _sprite_a |    0000CAAE  _sprite_a
     0000CAAF  _sprites_ |    0000CAFA  _sprite_p |    0000CB0E  _hide_spr
     0000CB0F  _triggers |    0000CBE8  _triggers |    0000CBF3  _triggers
     0000CBF4  _triggers |    0000CBF5  _last_tri |    0000CBF6  _last_tri
     0000CBF7  _current_ |    0000CBFC  _ui_block |    0000CBFD  _win_pos_
     0000CBFE  _win_pos_ |    0000CBFF  _win_dest |    0000CC00  _win_dest
     0000CC01  _win_spee |    0000CC02  _text_x   |    0000CC03  _text_y  
ASxxxx Linker V03.00 + NoICE + sdld,  page 27.
Hexadecimal  [32-Bits]

Area                       Addr        Size        Decimal Bytes (Attributes)
--------------------       ----        ----        ------- ----- ------------
_DATA                  0000C0A0    00000E48 =        3656. bytes (REL,CON)

        Value  Global            Value  Global            Value  Global    
        -----  ------            -----  ------            -----  ------    
     0000CC04  _text_dra |    0000CC05  _text_cou |    0000CC06  _text_til
     0000CC07  _text_wai |    0000CC08  _text_in_ |    0000CC09  _text_out
     0000CC0A  _text_dra |    0000CC0B  _text_ff_ |    0000CC0C  _tmp_text
     0000CC0D  _tmp_text |    0000CC0E  _text_num |    0000CC0F  _avatar_e
     0000CC10  _menu_ena |    0000CC11  _menu_ind |    0000CC12  _menu_fla
     0000CC14  _menu_num |    0000CC15  _menu_can |    0000CC16  _menu_can
     0000CC17  _menu_lay |    0000CC18  _text_lin |    0000CC68  _tmp_text
     0000CCB8  _start_sc |    0000CCBA  _start_sc |    0000CCBC  _start_sc
     0000CCBE  _start_sc |    0000CCBF  _start_sc |    0000CCC0  _start_pl
     0000CCC2  _start_pl |    0000CCC3  _start_pl |    0000CCC4  _plat_min
     0000CCC6  _plat_wal |    0000CCC8  _plat_run |    0000CCCA  _plat_wal
     0000CCCC  _plat_run |    0000CCCE  _plat_dec |    0000CCD0  _plat_jum
     0000CCD2  _plat_gra |    0000CCD4  _plat_hol |    0000CCD6  _plat_max
     0000CCD8  _topdown_ |    0000CCD9  _fade_sty |    0000CCDA  _ui_inter
     0000CCDB  _actor_i  |    0000CCDC  _bits     |    0000CCDD  _pl_vel_x
     0000CCDF  _grounded |    0000CCE0  _on_ladde |    0000CCE1  _sound_ti
     0000CCE2  _engine_f |    0000CCE4  _script_v |    0000CEDA  _pl_vel_y
     0000CEDC  _pl_pos_x |    0000CEDE  _pl_pos_y |    0000CEE0  _pl_dir_x
     0000CEE1  _pl_dir_y |    0000CEE2  _jumping  |    0000CEE3  _halfrate
     0000CEE4  _last_hit |    0000CEE5  _shooter_ |    0000CEE6  _shooter_
     0000CEE7  _shooter_
ASxxxx Linker V03.00 + NoICE + sdld,  page 28.
Hexadecimal  [32-Bits]

Area                       Addr        Size        Decimal Bytes (Attributes)
--------------------       ----        ----        ------- ----- ------------
_BSS                   0000CEE8    0000003A =          58. bytes (REL,CON)

        Value  Global            Value  Global            Value  Global    
        -----  ------            -----  ------            -----  ------    
     0000CEE8  __cpu     |    0000CEE9  .mode     |    0000CEEA  .sys_time
     0000CEEA  _sys_time |    0000CEEC  .int_0x40 |    0000CF00  .randhi  
     0000CF01  .randlo   |    0000CF02  .int_0x50 |    0000CF12  .int_0x48
ASxxxx Linker V03.00 + NoICE + sdld,  page 29.
Hexadecimal  [32-Bits]

Area                       Addr        Size        Decimal Bytes (Attributes)
--------------------       ----        ----        ------- ----- ------------
_HEAP                  0000CF22    00000000 =           0. bytes (REL,CON)

        Value  Global            Value  Global            Value  Global    
        -----  ------            -----  ------            -----  ------    
     0000CF22  _malloc_h
ASxxxx Linker V03.00 + NoICE + sdld,  page 30.
Hexadecimal  [32-Bits]

Area                       Addr        Size        Decimal Bytes (Attributes)
--------------------       ----        ----        ------- ----- ------------
_HRAM11                00000000    00000002 =           2. bytes (ABS,CON)

        Value  Global            Value  Global            Value  Global    
        -----  ------            -----  ------            -----  ------    
     0000FF90  __current
ASxxxx Linker V03.00 + NoICE + sdld,  page 31.
Hexadecimal  [32-Bits]

Area                       Addr        Size        Decimal Bytes (Attributes)
--------------------       ----        ----        ------- ----- ------------
_CODE_1                00014000    000032D4 =       13012. bytes (REL,CON)

        Value  Global            Value  Global            Value  Global    
        -----  ------            -----  ------            -----  ------    
     00014000  _Activate |    000140C1  _Deactiva |    00014144  _ActorInF
     000142B2  _ActorInF |    000143C3  _CheckCol |    000144F6  _ActorAtT
     000145C3  _ActorAt1 |    00014664  _ActorAt1 |    0001471D  _ActorAt3
     000147D4  _ActorAt2 |    000148A1  _ActorAt3 |    00014987  _ActorOve
     00014AA2  _InitPlay |    00014B6A  _ActorRun |    00014C3D  _ApplyPal
     00014C99  _FadeIn_b |    00014CB5  _FadeOut_ |    00014CD1  _FadeUpda
     00014D0E  _ApplyPal |    00014E34  gbt_chann |    00015006  gbt_chann
     000151D0  gbt_chann |    0001539F  gbt_chann |    000154B0  gbt_updat
     000154CC  gbt_updat |    000154E9  _Projecti |    00015523  _WeaponAt
     00015897  _Projecti |    00015AD8  _UpdatePr |    000164A0  _RefreshS
     000166CD  _SpritePo |    00016716  _SpritePo |    00016782  _SpritePo
     00016798  _TriggerA |    0001682E  _GetToken |    00016874  _UIInit_b
     000168BD  _ui_white |    000168CD  _ui_black |    000168DD  _text_dra
     000168E3  _UIReset_ |    000168F0  _UIUpdate |    0001699C  _UIDrawFr
     00016A76  _UIDrawDi |    00016A8C  _UISetCol |    00016AC8  _UIShowTe
     00016CC2  _UIDrawTe |    00016F71  _UICloseD |    00016FC0  _UIOnInte
     0001721E  _UIShowMe |    0001726B  _UIDrawMe
ASxxxx Linker V03.00 + NoICE + sdld,  page 32.
Hexadecimal  [32-Bits]

Area                       Addr        Size        Decimal Bytes (Attributes)
--------------------       ----        ----        ------- ----- ------------
_CODE_4                00044000    00003101 =       12545. bytes (REL,CON)

        Value  Global            Value  Global            Value  Global    
        -----  ------            -----  ------            -----  ------    
     00044000  _ScriptTi |    00044037  _emote_of |    0004406F  _script_c
     000441BF  _ScriptUp |    00044475  _ScriptUp |    0004470C  _ScriptUp
     0004471A  _ScriptUp |    0004471D  _ScriptUp |    00044720  _ScriptUp
     0004473D  _ScriptUp |    0004474C  _ScriptUp |    000447FB  _ScriptUp
     000448E1  _ScriptUp |    00044937  _Script_N |    00044938  _Script_E
     00044944  _Script_T |    0004496E  _Script_G |    0004498B  _Script_I
     000449BE  _Script_I |    00044A54  _Script_S |    00044A68  _Script_C
     00044A7C  _Script_A |    00044B40  _Script_A |    00044B54  _Script_C
     00044BC5  _Script_C |    00044C2B  _ScriptHe |    00044D51  _Script_W
     00044D61  _Script_F |    00044D76  _Script_F |    00044D8B  _Script_L
     00044E23  _Script_A |    00044E74  _Script_A |    00044F14  _ScriptHe
     0004522C  _Script_S |    00045238  _Script_H |    00045244  _Script_A
     00045267  _Script_A |    0004528A  _Script_A |    000452A9  _Script_A
     00045302  _Script_C |    0004531E  _Script_S |    0004533E  _Script_H
     0004534B  _Script_O |    00045362  _Script_O |    00045388  _Script_A
     00045397  _Script_M |    000453AC  _Script_M |    000453B5  _Script_R
     000453C9  _Script_N |    000453CF  _Script_I |    000453E7  _Script_D
     000453FF  _Script_S |    00045416  _Script_S |    0004552C  _Script_I
     00045553  _Script_C |    0004558E  _Script_T |    000455DF  _Script_P
     00045607  _Script_A |    00045732  _Script_P |    000457B0  _Script_A
     000458FB  _Script_I |    00045968  _Script_S |    00045A67  _Script_L
     00045BC8  _Script_C |    00045BDE  _Script_I |    00045C18  _Script_I
     00045C8A  _Script_I |    00045E06  _Script_S |    00045E37  _Script_A
     00045E9C  _Script_A |    00045F2B  _Script_A |    00045FE2  _Script_A
     00046221  _Script_A |    00046326  _Script_M |    0004633F  _Script_M
     0004635A  _Script_M |    00046381  _Script_M |    000463A8  _Script_M
     000463CF  _Script_M |    00046436  _Script_M |    0004646E  _Script_M
     0004649C  _Script_M |    000464CA  _Script_M |    000464F8  _Script_C
     0004650F  _Script_I |    0004659E  _Script_L |    000465C9  _Script_A
     00046632  _Script_A |    00046651  _Script_T |    00046676  _Script_A
     000466B4  _Script_S |    0004672D  _Script_S |    00046767  _Script_S
     00046839  _Script_S |    000468EC  _Script_S |    000468F2  _Script_S
     0004699C  _Script_S |    00046A29  _Script_R |    00046A50  _Script_A
     00046ABF  _Script_A |    00046B3B  _Script_A |    00046C7D  _Script_T
     00046CBE  _Script_V |    00046CD7  _Script_V |    00046CF1  _Script_S
     00046D0B  _Script_S |    00046D0E  _Script_S |    00046D18  _Script_S
     00046D1B  _Script_S |    00046D43  _Script_R |    00046D4A  _Script_R
     00046D50  _Script_T |    00046D88  _Script_L |    00046E89  _Script_W
     00046EDC  _Script_P |    00046EFA  _Script_P |    00046F10  _Script_P
     00046F26  _Script_A |    00046F81  _Script_A |    00046FA0  _Script_I
     00046FC3  _Script_E |    00046FE1  _Script_E |    0004700F  _Script_E
     0004703C  _Script_E |    0004708F  _Script_E |    000470BC  _Script_E
ASxxxx Linker V03.00 + NoICE + sdld,  page 33.
Hexadecimal  [32-Bits]

Area                       Addr        Size        Decimal Bytes (Attributes)
--------------------       ----        ----        ------- ----- ------------
_CODE_6                00064000    00003FF2 =       16370. bytes (REL,CON)

        Value  Global            Value  Global            Value  Global    
        -----  ------            -----  ------            -----  ------    
     00064000  _bank_6_d
ASxxxx Linker V03.00 + NoICE + sdld,  page 34.
Hexadecimal  [32-Bits]

Area                       Addr        Size        Decimal Bytes (Attributes)
--------------------       ----        ----        ------- ----- ------------
_CODE_7                00074000    00003FDA =       16346. bytes (REL,CON)

        Value  Global            Value  Global            Value  Global    
        -----  ------            -----  ------            -----  ------    
     00074000  _bank_7_d
ASxxxx Linker V03.00 + NoICE + sdld,  page 35.
Hexadecimal  [32-Bits]

Area                       Addr        Size        Decimal Bytes (Attributes)
--------------------       ----        ----        ------- ----- ------------
_CODE_8                00084000    00003F24 =       16164. bytes (REL,CON)

        Value  Global            Value  Global            Value  Global    
        -----  ------            -----  ------            -----  ------    
     00084000  _bank_8_d
ASxxxx Linker V03.00 + NoICE + sdld,  page 36.
Hexadecimal  [32-Bits]

Area                       Addr        Size        Decimal Bytes (Attributes)
--------------------       ----        ----        ------- ----- ------------
_CODE_9                00094000    000021F6 =        8694. bytes (REL,CON)

        Value  Global            Value  Global            Value  Global    
        -----  ------            -----  ------            -----  ------    
     00094000  _bank_9_d
ASxxxx Linker V03.00 + NoICE + sdld,  page 37.
Hexadecimal  [32-Bits]

Area                       Addr        Size        Decimal Bytes (Attributes)
--------------------       ----        ----        ------- ----- ------------
_CODE_5                00054000    000023EE =        9198. bytes (REL,CON)

        Value  Global            Value  Global            Value  Global    
        -----  ------            -----  ------            -----  ------    
     00054000  _tileset_ |    0005400C  _backgrou |    0005401E  _backgrou
     0005404B  _palette_ |    0005404E  _sprite_b |    00054060  _scene_ba
     0005408D  _collisio |    000540BA  _avatar_b |    000540BD  _music_tr
     000540C9  _music_ba |    000540CF  _Start_Ad |    000540E4  _Update_A
     00054658  _BasicPla |    00054A19  _Start_Pl |    00054AC3  _Update_P
     00055704  _Start_Po |    0005572D  _Update_P |    000559A6  _Start_Sh
     00055A32  _Update_S |    00055F67  _Start_To |    00055FCA  _Update_T
ASxxxx Linker V03.00 + NoICE + sdld,  page 38.
Hexadecimal  [32-Bits]

Area                       Addr        Size        Decimal Bytes (Attributes)
--------------------       ----        ----        ------- ----- ------------
_CODE_10               000A4000    00003A52 =       14930. bytes (REL,CON)

        Value  Global            Value  Global            Value  Global    
        -----  ------            -----  ------            -----  ------    
     000A4000  _bank_10_ |    000A79A6  _music_tr |    000A79BE  _music_tr
     000A79D8  _music_tr |    000A7A12  _music_tr |    000A7A48  _music_tr
ASxxxx Linker V03.00 + NoICE + sdld,  page 39.
Hexadecimal  [32-Bits]

Area                       Addr        Size        Decimal Bytes (Attributes)
--------------------       ----        ----        ------- ----- ------------
_SFR0                  00000000    00000001 =           1. bytes (ABS,CON)

        Value  Global            Value  Global            Value  Global    
        -----  ------            -----  ------            -----  ------    
     0000FF00  _P1_REG  
ASxxxx Linker V03.00 + NoICE + sdld,  page 40.
Hexadecimal  [32-Bits]

Area                       Addr        Size        Decimal Bytes (Attributes)
--------------------       ----        ----        ------- ----- ------------
_SFR1                  00000000    00000001 =           1. bytes (ABS,CON)

        Value  Global            Value  Global            Value  Global    
        -----  ------            -----  ------            -----  ------    
     0000FF01  _SB_REG  
ASxxxx Linker V03.00 + NoICE + sdld,  page 41.
Hexadecimal  [32-Bits]

Area                       Addr        Size        Decimal Bytes (Attributes)
--------------------       ----        ----        ------- ----- ------------
_SFR2                  00000000    00000001 =           1. bytes (ABS,CON)

        Value  Global            Value  Global            Value  Global    
        -----  ------            -----  ------            -----  ------    
     0000FF02  _SC_REG  
ASxxxx Linker V03.00 + NoICE + sdld,  page 42.
Hexadecimal  [32-Bits]

Area                       Addr        Size        Decimal Bytes (Attributes)
--------------------       ----        ----        ------- ----- ------------
_SFR3                  00000000    00000001 =           1. bytes (ABS,CON)

        Value  Global            Value  Global            Value  Global    
        -----  ------            -----  ------            -----  ------    
     0000FF04  _DIV_REG 
ASxxxx Linker V03.00 + NoICE + sdld,  page 43.
Hexadecimal  [32-Bits]

Area                       Addr        Size        Decimal Bytes (Attributes)
--------------------       ----        ----        ------- ----- ------------
_SFR4                  00000000    00000001 =           1. bytes (ABS,CON)

        Value  Global            Value  Global            Value  Global    
        -----  ------            -----  ------            -----  ------    
     0000FF05  _TIMA_REG
ASxxxx Linker V03.00 + NoICE + sdld,  page 44.
Hexadecimal  [32-Bits]

Area                       Addr        Size        Decimal Bytes (Attributes)
--------------------       ----        ----        ------- ----- ------------
_SFR5                  00000000    00000001 =           1. bytes (ABS,CON)

        Value  Global            Value  Global            Value  Global    
        -----  ------            -----  ------            -----  ------    
     0000FF06  _TMA_REG 
ASxxxx Linker V03.00 + NoICE + sdld,  page 45.
Hexadecimal  [32-Bits]

Area                       Addr        Size        Decimal Bytes (Attributes)
--------------------       ----        ----        ------- ----- ------------
_SFR6                  00000000    00000001 =           1. bytes (ABS,CON)

        Value  Global            Value  Global            Value  Global    
        -----  ------            -----  ------            -----  ------    
     0000FF07  _TAC_REG 
ASxxxx Linker V03.00 + NoICE + sdld,  page 46.
Hexadecimal  [32-Bits]

Area                       Addr        Size        Decimal Bytes (Attributes)
--------------------       ----        ----        ------- ----- ------------
_SFR7                  00000000    00000001 =           1. bytes (ABS,CON)

        Value  Global            Value  Global            Value  Global    
        -----  ------            -----  ------            -----  ------    
     0000FF0F  _IF_REG  
ASxxxx Linker V03.00 + NoICE + sdld,  page 47.
Hexadecimal  [32-Bits]

Area                       Addr        Size        Decimal Bytes (Attributes)
--------------------       ----        ----        ------- ----- ------------
_SFR8                  00000000    00000001 =           1. bytes (ABS,CON)

        Value  Global            Value  Global            Value  Global    
        -----  ------            -----  ------            -----  ------    
     0000FF10  _NR10_REG
ASxxxx Linker V03.00 + NoICE + sdld,  page 48.
Hexadecimal  [32-Bits]

Area                       Addr        Size        Decimal Bytes (Attributes)
--------------------       ----        ----        ------- ----- ------------
_SFR9                  00000000    00000001 =           1. bytes (ABS,CON)

        Value  Global            Value  Global            Value  Global    
        -----  ------            -----  ------            -----  ------    
     0000FF11  _NR11_REG
ASxxxx Linker V03.00 + NoICE + sdld,  page 49.
Hexadecimal  [32-Bits]

Area                       Addr        Size        Decimal Bytes (Attributes)
--------------------       ----        ----        ------- ----- ------------
_SFRa                  00000000    00000001 =           1. bytes (ABS,CON)

        Value  Global            Value  Global            Value  Global    
        -----  ------            -----  ------            -----  ------    
     0000FF12  _NR12_REG
ASxxxx Linker V03.00 + NoICE + sdld,  page 50.
Hexadecimal  [32-Bits]

Area                       Addr        Size        Decimal Bytes (Attributes)
--------------------       ----        ----        ------- ----- ------------
_SFRb                  00000000    00000001 =           1. bytes (ABS,CON)

        Value  Global            Value  Global            Value  Global    
        -----  ------            -----  ------            -----  ------    
     0000FF13  _NR13_REG
ASxxxx Linker V03.00 + NoICE + sdld,  page 51.
Hexadecimal  [32-Bits]

Area                       Addr        Size        Decimal Bytes (Attributes)
--------------------       ----        ----        ------- ----- ------------
_SFRc                  00000000    00000001 =           1. bytes (ABS,CON)

        Value  Global            Value  Global            Value  Global    
        -----  ------            -----  ------            -----  ------    
     0000FF14  _NR14_REG
ASxxxx Linker V03.00 + NoICE + sdld,  page 52.
Hexadecimal  [32-Bits]

Area                       Addr        Size        Decimal Bytes (Attributes)
--------------------       ----        ----        ------- ----- ------------
_SFRd                  00000000    00000001 =           1. bytes (ABS,CON)

        Value  Global            Value  Global            Value  Global    
        -----  ------            -----  ------            -----  ------    
     0000FF16  _NR21_REG
ASxxxx Linker V03.00 + NoICE + sdld,  page 53.
Hexadecimal  [32-Bits]

Area                       Addr        Size        Decimal Bytes (Attributes)
--------------------       ----        ----        ------- ----- ------------
_SFRe                  00000000    00000001 =           1. bytes (ABS,CON)

        Value  Global            Value  Global            Value  Global    
        -----  ------            -----  ------            -----  ------    
     0000FF17  _NR22_REG
ASxxxx Linker V03.00 + NoICE + sdld,  page 54.
Hexadecimal  [32-Bits]

Area                       Addr        Size        Decimal Bytes (Attributes)
--------------------       ----        ----        ------- ----- ------------
_SFRf                  00000000    00000001 =           1. bytes (ABS,CON)

        Value  Global            Value  Global            Value  Global    
        -----  ------            -----  ------            -----  ------    
     0000FF18  _NR23_REG
ASxxxx Linker V03.00 + NoICE + sdld,  page 55.
Hexadecimal  [32-Bits]

Area                       Addr        Size        Decimal Bytes (Attributes)
--------------------       ----        ----        ------- ----- ------------
_SFR10                 00000000    00000001 =           1. bytes (ABS,CON)

        Value  Global            Value  Global            Value  Global    
        -----  ------            -----  ------            -----  ------    
     0000FF19  _NR24_REG
ASxxxx Linker V03.00 + NoICE + sdld,  page 56.
Hexadecimal  [32-Bits]

Area                       Addr        Size        Decimal Bytes (Attributes)
--------------------       ----        ----        ------- ----- ------------
_SFR11                 00000000    00000001 =           1. bytes (ABS,CON)

        Value  Global            Value  Global            Value  Global    
        -----  ------            -----  ------            -----  ------    
     0000FF1A  _NR30_REG
ASxxxx Linker V03.00 + NoICE + sdld,  page 57.
Hexadecimal  [32-Bits]

Area                       Addr        Size        Decimal Bytes (Attributes)
--------------------       ----        ----        ------- ----- ------------
_SFR12                 00000000    00000001 =           1. bytes (ABS,CON)

        Value  Global            Value  Global            Value  Global    
        -----  ------            -----  ------            -----  ------    
     0000FF1B  _NR31_REG
ASxxxx Linker V03.00 + NoICE + sdld,  page 58.
Hexadecimal  [32-Bits]

Area                       Addr        Size        Decimal Bytes (Attributes)
--------------------       ----        ----        ------- ----- ------------
_SFR13                 00000000    00000001 =           1. bytes (ABS,CON)

        Value  Global            Value  Global            Value  Global    
        -----  ------            -----  ------            -----  ------    
     0000FF1C  _NR32_REG
ASxxxx Linker V03.00 + NoICE + sdld,  page 59.
Hexadecimal  [32-Bits]

Area                       Addr        Size        Decimal Bytes (Attributes)
--------------------       ----        ----        ------- ----- ------------
_SFR14                 00000000    00000001 =           1. bytes (ABS,CON)

        Value  Global            Value  Global            Value  Global    
        -----  ------            -----  ------            -----  ------    
     0000FF1D  _NR33_REG
ASxxxx Linker V03.00 + NoICE + sdld,  page 60.
Hexadecimal  [32-Bits]

Area                       Addr        Size        Decimal Bytes (Attributes)
--------------------       ----        ----        ------- ----- ------------
_SFR15                 00000000    00000001 =           1. bytes (ABS,CON)

        Value  Global            Value  Global            Value  Global    
        -----  ------            -----  ------            -----  ------    
     0000FF1E  _NR34_REG
ASxxxx Linker V03.00 + NoICE + sdld,  page 61.
Hexadecimal  [32-Bits]

Area                       Addr        Size        Decimal Bytes (Attributes)
--------------------       ----        ----        ------- ----- ------------
_SFR16                 00000000    00000001 =           1. bytes (ABS,CON)

        Value  Global            Value  Global            Value  Global    
        -----  ------            -----  ------            -----  ------    
     0000FF20  _NR41_REG
ASxxxx Linker V03.00 + NoICE + sdld,  page 62.
Hexadecimal  [32-Bits]

Area                       Addr        Size        Decimal Bytes (Attributes)
--------------------       ----        ----        ------- ----- ------------
_SFR17                 00000000    00000001 =           1. bytes (ABS,CON)

        Value  Global            Value  Global            Value  Global    
        -----  ------            -----  ------            -----  ------    
     0000FF21  _NR42_REG
ASxxxx Linker V03.00 + NoICE + sdld,  page 63.
Hexadecimal  [32-Bits]

Area                       Addr        Size        Decimal Bytes (Attributes)
--------------------       ----        ----        ------- ----- ------------
_SFR18                 00000000    00000001 =           1. bytes (ABS,CON)

        Value  Global            Value  Global            Value  Global    
        -----  ------            -----  ------            -----  ------    
     0000FF22  _NR43_REG
ASxxxx Linker V03.00 + NoICE + sdld,  page 64.
Hexadecimal  [32-Bits]

Area                       Addr        Size        Decimal Bytes (Attributes)
--------------------       ----        ----        ------- ----- ------------
_SFR19                 00000000    00000001 =           1. bytes (ABS,CON)

        Value  Global            Value  Global            Value  Global    
        -----  ------            -----  ------            -----  ------    
     0000FF23  _NR44_REG
ASxxxx Linker V03.00 + NoICE + sdld,  page 65.
Hexadecimal  [32-Bits]

Area                       Addr        Size        Decimal Bytes (Attributes)
--------------------       ----        ----        ------- ----- ------------
_SFR1a                 00000000    00000001 =           1. bytes (ABS,CON)

        Value  Global            Value  Global            Value  Global    
        -----  ------            -----  ------            -----  ------    
     0000FF24  _NR50_REG
ASxxxx Linker V03.00 + NoICE + sdld,  page 66.
Hexadecimal  [32-Bits]

Area                       Addr        Size        Decimal Bytes (Attributes)
--------------------       ----        ----        ------- ----- ------------
_SFR1b                 00000000    00000001 =           1. bytes (ABS,CON)

        Value  Global            Value  Global            Value  Global    
        -----  ------            -----  ------            -----  ------    
     0000FF25  _NR51_REG
ASxxxx Linker V03.00 + NoICE + sdld,  page 67.
Hexadecimal  [32-Bits]

Area                       Addr        Size        Decimal Bytes (Attributes)
--------------------       ----        ----        ------- ----- ------------
_SFR1c                 00000000    00000001 =           1. bytes (ABS,CON)

        Value  Global            Value  Global            Value  Global    
        -----  ------            -----  ------            -----  ------    
     0000FF26  _NR52_REG
ASxxxx Linker V03.00 + NoICE + sdld,  page 68.
Hexadecimal  [32-Bits]

Area                       Addr        Size        Decimal Bytes (Attributes)
--------------------       ----        ----        ------- ----- ------------
_SFR1d                 00000000    00000001 =           1. bytes (ABS,CON)

        Value  Global            Value  Global            Value  Global    
        -----  ------            -----  ------            -----  ------    
     0000FF40  _LCDC_REG
ASxxxx Linker V03.00 + NoICE + sdld,  page 69.
Hexadecimal  [32-Bits]

Area                       Addr        Size        Decimal Bytes (Attributes)
--------------------       ----        ----        ------- ----- ------------
_SFR1e                 00000000    00000001 =           1. bytes (ABS,CON)

        Value  Global            Value  Global            Value  Global    
        -----  ------            -----  ------            -----  ------    
     0000FF41  _STAT_REG
ASxxxx Linker V03.00 + NoICE + sdld,  page 70.
Hexadecimal  [32-Bits]

Area                       Addr        Size        Decimal Bytes (Attributes)
--------------------       ----        ----        ------- ----- ------------
_SFR1f                 00000000    00000001 =           1. bytes (ABS,CON)

        Value  Global            Value  Global            Value  Global    
        -----  ------            -----  ------            -----  ------    
     0000FF42  _SCY_REG 
ASxxxx Linker V03.00 + NoICE + sdld,  page 71.
Hexadecimal  [32-Bits]

Area                       Addr        Size        Decimal Bytes (Attributes)
--------------------       ----        ----        ------- ----- ------------
_SFR20                 00000000    00000001 =           1. bytes (ABS,CON)

        Value  Global            Value  Global            Value  Global    
        -----  ------            -----  ------            -----  ------    
     0000FF43  _SCX_REG 
ASxxxx Linker V03.00 + NoICE + sdld,  page 72.
Hexadecimal  [32-Bits]

Area                       Addr        Size        Decimal Bytes (Attributes)
--------------------       ----        ----        ------- ----- ------------
_SFR21                 00000000    00000001 =           1. bytes (ABS,CON)

        Value  Global            Value  Global            Value  Global    
        -----  ------            -----  ------            -----  ------    
     0000FF44  _LY_REG  
ASxxxx Linker V03.00 + NoICE + sdld,  page 73.
Hexadecimal  [32-Bits]

Area                       Addr        Size        Decimal Bytes (Attributes)
--------------------       ----        ----        ------- ----- ------------
_SFR22                 00000000    00000001 =           1. bytes (ABS,CON)

        Value  Global            Value  Global            Value  Global    
        -----  ------            -----  ------            -----  ------    
     0000FF45  _LYC_REG 
ASxxxx Linker V03.00 + NoICE + sdld,  page 74.
Hexadecimal  [32-Bits]

Area                       Addr        Size        Decimal Bytes (Attributes)
--------------------       ----        ----        ------- ----- ------------
_SFR23                 00000000    00000001 =           1. bytes (ABS,CON)

        Value  Global            Value  Global            Value  Global    
        -----  ------            -----  ------            -----  ------    
     0000FF46  _DMA_REG 
ASxxxx Linker V03.00 + NoICE + sdld,  page 75.
Hexadecimal  [32-Bits]

Area                       Addr        Size        Decimal Bytes (Attributes)
--------------------       ----        ----        ------- ----- ------------
_SFR24                 00000000    00000001 =           1. bytes (ABS,CON)

        Value  Global            Value  Global            Value  Global    
        -----  ------            -----  ------            -----  ------    
     0000FF47  _BGP_REG 
ASxxxx Linker V03.00 + NoICE + sdld,  page 76.
Hexadecimal  [32-Bits]

Area                       Addr        Size        Decimal Bytes (Attributes)
--------------------       ----        ----        ------- ----- ------------
_SFR25                 00000000    00000001 =           1. bytes (ABS,CON)

        Value  Global            Value  Global            Value  Global    
        -----  ------            -----  ------            -----  ------    
     0000FF48  _OBP0_REG
ASxxxx Linker V03.00 + NoICE + sdld,  page 77.
Hexadecimal  [32-Bits]

Area                       Addr        Size        Decimal Bytes (Attributes)
--------------------       ----        ----        ------- ----- ------------
_SFR26                 00000000    00000001 =           1. bytes (ABS,CON)

        Value  Global            Value  Global            Value  Global    
        -----  ------            -----  ------            -----  ------    
     0000FF49  _OBP1_REG
ASxxxx Linker V03.00 + NoICE + sdld,  page 78.
Hexadecimal  [32-Bits]

Area                       Addr        Size        Decimal Bytes (Attributes)
--------------------       ----        ----        ------- ----- ------------
_SFR27                 00000000    00000001 =           1. bytes (ABS,CON)

        Value  Global            Value  Global            Value  Global    
        -----  ------            -----  ------            -----  ------    
     0000FF4A  _WY_REG  
ASxxxx Linker V03.00 + NoICE + sdld,  page 79.
Hexadecimal  [32-Bits]

Area                       Addr        Size        Decimal Bytes (Attributes)
--------------------       ----        ----        ------- ----- ------------
_SFR28                 00000000    00000001 =           1. bytes (ABS,CON)

        Value  Global            Value  Global            Value  Global    
        -----  ------            -----  ------            -----  ------    
     0000FF4B  _WX_REG  
ASxxxx Linker V03.00 + NoICE + sdld,  page 80.
Hexadecimal  [32-Bits]

Area                       Addr        Size        Decimal Bytes (Attributes)
--------------------       ----        ----        ------- ----- ------------
_SFR29                 00000000    00000001 =           1. bytes (ABS,CON)

        Value  Global            Value  Global            Value  Global    
        -----  ------            -----  ------            -----  ------    
     0000FF4D  _KEY1_REG
ASxxxx Linker V03.00 + NoICE + sdld,  page 81.
Hexadecimal  [32-Bits]

Area                       Addr        Size        Decimal Bytes (Attributes)
--------------------       ----        ----        ------- ----- ------------
_SFR2a                 00000000    00000001 =           1. bytes (ABS,CON)

        Value  Global            Value  Global            Value  Global    
        -----  ------            -----  ------            -----  ------    
     0000FF4F  _VBK_REG 
ASxxxx Linker V03.00 + NoICE + sdld,  page 82.
Hexadecimal  [32-Bits]

Area                       Addr        Size        Decimal Bytes (Attributes)
--------------------       ----        ----        ------- ----- ------------
_SFR2b                 00000000    00000001 =           1. bytes (ABS,CON)

        Value  Global            Value  Global            Value  Global    
        -----  ------            -----  ------            -----  ------    
     0000FF51  _HDMA1_RE
ASxxxx Linker V03.00 + NoICE + sdld,  page 83.
Hexadecimal  [32-Bits]

Area                       Addr        Size        Decimal Bytes (Attributes)
--------------------       ----        ----        ------- ----- ------------
_SFR2c                 00000000    00000001 =           1. bytes (ABS,CON)

        Value  Global            Value  Global            Value  Global    
        -----  ------            -----  ------            -----  ------    
     0000FF52  _HDMA2_RE
ASxxxx Linker V03.00 + NoICE + sdld,  page 84.
Hexadecimal  [32-Bits]

Area                       Addr        Size        Decimal Bytes (Attributes)
--------------------       ----        ----        ------- ----- ------------
_SFR2d                 00000000    00000001 =           1. bytes (ABS,CON)

        Value  Global            Value  Global            Value  Global    
        -----  ------            -----  ------            -----  ------    
     0000FF53  _HDMA3_RE
ASxxxx Linker V03.00 + NoICE + sdld,  page 85.
Hexadecimal  [32-Bits]

Area                       Addr        Size        Decimal Bytes (Attributes)
--------------------       ----        ----        ------- ----- ------------
_SFR2e                 00000000    00000001 =           1. bytes (ABS,CON)

        Value  Global            Value  Global            Value  Global    
        -----  ------            -----  ------            -----  ------    
     0000FF54  _HDMA4_RE
ASxxxx Linker V03.00 + NoICE + sdld,  page 86.
Hexadecimal  [32-Bits]

Area                       Addr        Size        Decimal Bytes (Attributes)
--------------------       ----        ----        ------- ----- ------------
_SFR2f                 00000000    00000001 =           1. bytes (ABS,CON)

        Value  Global            Value  Global            Value  Global    
        -----  ------            -----  ------            -----  ------    
     0000FF55  _HDMA5_RE
ASxxxx Linker V03.00 + NoICE + sdld,  page 87.
Hexadecimal  [32-Bits]

Area                       Addr        Size        Decimal Bytes (Attributes)
--------------------       ----        ----        ------- ----- ------------
_SFR30                 00000000    00000001 =           1. bytes (ABS,CON)

        Value  Global            Value  Global            Value  Global    
        -----  ------            -----  ------            -----  ------    
     0000FF56  _RP_REG  
ASxxxx Linker V03.00 + NoICE + sdld,  page 88.
Hexadecimal  [32-Bits]

Area                       Addr        Size        Decimal Bytes (Attributes)
--------------------       ----        ----        ------- ----- ------------
_SFR31                 00000000    00000001 =           1. bytes (ABS,CON)

        Value  Global            Value  Global            Value  Global    
        -----  ------            -----  ------            -----  ------    
     0000FF68  _BCPS_REG
ASxxxx Linker V03.00 + NoICE + sdld,  page 89.
Hexadecimal  [32-Bits]

Area                       Addr        Size        Decimal Bytes (Attributes)
--------------------       ----        ----        ------- ----- ------------
_SFR32                 00000000    00000001 =           1. bytes (ABS,CON)

        Value  Global            Value  Global            Value  Global    
        -----  ------            -----  ------            -----  ------    
     0000FF69  _BCPD_REG
ASxxxx Linker V03.00 + NoICE + sdld,  page 90.
Hexadecimal  [32-Bits]

Area                       Addr        Size        Decimal Bytes (Attributes)
--------------------       ----        ----        ------- ----- ------------
_SFR33                 00000000    00000001 =           1. bytes (ABS,CON)

        Value  Global            Value  Global            Value  Global    
        -----  ------            -----  ------            -----  ------    
     0000FF6A  _OCPS_REG
ASxxxx Linker V03.00 + NoICE + sdld,  page 91.
Hexadecimal  [32-Bits]

Area                       Addr        Size        Decimal Bytes (Attributes)
--------------------       ----        ----        ------- ----- ------------
_SFR34                 00000000    00000001 =           1. bytes (ABS,CON)

        Value  Global            Value  Global            Value  Global    
        -----  ------            -----  ------            -----  ------    
     0000FF6B  _OCPD_REG
ASxxxx Linker V03.00 + NoICE + sdld,  page 92.
Hexadecimal  [32-Bits]

Area                       Addr        Size        Decimal Bytes (Attributes)
--------------------       ----        ----        ------- ----- ------------
_SFR35                 00000000    00000001 =           1. bytes (ABS,CON)

        Value  Global            Value  Global            Value  Global    
        -----  ------            -----  ------            -----  ------    
     0000FF70  _SVBK_REG
ASxxxx Linker V03.00 + NoICE + sdld,  page 93.
Hexadecimal  [32-Bits]

Area                       Addr        Size        Decimal Bytes (Attributes)
--------------------       ----        ----        ------- ----- ------------
_SFR36                 00000000    00000001 =           1. bytes (ABS,CON)

        Value  Global            Value  Global            Value  Global    
        -----  ------            -----  ------            -----  ------    
     0000FFFF  _IE_REG  
ASxxxx Linker V03.00 + NoICE + sdld,  page 94.
Hexadecimal  [32-Bits]

Area                       Addr        Size        Decimal Bytes (Attributes)
--------------------       ----        ----        ------- ----- ------------
_HEADER_TIM0           00000000    00000008 =           8. bytes (ABS,CON)

        Value  Global            Value  Global            Value  Global    
        -----  ------            -----  ------            -----  ------    
ASxxxx Linker V03.00 + NoICE + sdld,  page 95.
Hexadecimal  [32-Bits]

Area                       Addr        Size        Decimal Bytes (Attributes)
--------------------       ----        ----        ------- ----- ------------
_EMU_HEADER0           00000000    00000003 =           3. bytes (ABS,CON)

        Value  Global            Value  Global            Value  Global    
        -----  ------            -----  ------            -----  ------    
ASxxxx Linker V03.00 + NoICE + sdld,  page 96.
Hexadecimal  [32-Bits]

Area                       Addr        Size        Decimal Bytes (Attributes)
--------------------       ----        ----        ------- ----- ------------
_HEADER_LCD0           00000000    00000003 =           3. bytes (ABS,CON)

        Value  Global            Value  Global            Value  Global    
        -----  ------            -----  ------            -----  ------    
ASxxxx Linker V03.00 + NoICE + sdld,  page 97.

Files Linked                              [ module(s) ]

/Users/bryanrollins/GBStudio/TEMP//_gbstools/gbdk/lib/small/asxxxx/gb/crt0.o
                                          [ Runtime ]
/Users/bryanrollins/GBStudio/TEMP/_gbsbuild/obj/Actor_a.o
                                          [  ]
/Users/bryanrollins/GBStudio/TEMP/_gbsbuild/obj/Actor_b.o
                                          [ Actor_b ]
/Users/bryanrollins/GBStudio/TEMP/_gbsbuild/obj/Actor.o
                                          [ Actor ]
/Users/bryanrollins/GBStudio/TEMP/_gbsbuild/obj/asm.macros.o
                                          [  ]
/Users/bryanrollins/GBStudio/TEMP/_gbsbuild/obj/BankData.o
                                          [ BankData ]
/Users/bryanrollins/GBStudio/TEMP/_gbsbuild/obj/BankManager.o
                                          [ BankManager ]
/Users/bryanrollins/GBStudio/TEMP/_gbsbuild/obj/Camera_a.o
                                          [  ]
/Users/bryanrollins/GBStudio/TEMP/_gbsbuild/obj/Camera.o
                                          [ Camera ]
/Users/bryanrollins/GBStudio/TEMP/_gbsbuild/obj/Collision.o
                                          [ Collision ]
/Users/bryanrollins/GBStudio/TEMP/_gbsbuild/obj/Core_Main.o
                                          [ Core_Main ]
/Users/bryanrollins/GBStudio/TEMP/_gbsbuild/obj/DataManager.o
                                          [ DataManager ]
/Users/bryanrollins/GBStudio/TEMP/_gbsbuild/obj/FadeManager_b.o
                                          [ FadeManager_b ]
/Users/bryanrollins/GBStudio/TEMP/_gbsbuild/obj/FadeManager.o
                                          [ FadeManager ]
/Users/bryanrollins/GBStudio/TEMP/_gbsbuild/obj/gbt_player_bank1.o
                                          [  ]
/Users/bryanrollins/GBStudio/TEMP/_gbsbuild/obj/gbt_player.o
                                          [  ]
/Users/bryanrollins/GBStudio/TEMP/_gbsbuild/obj/Input.o
                                          [ Input ]
/Users/bryanrollins/GBStudio/TEMP/_gbsbuild/obj/Math.o
                                          [ Math ]
/Users/bryanrollins/GBStudio/TEMP/_gbsbuild/obj/MusicManager.o
                                          [ MusicManager ]
/Users/bryanrollins/GBStudio/TEMP/_gbsbuild/obj/Palette.o
                                          [ Palette ]
/Users/bryanrollins/GBStudio/TEMP/_gbsbuild/obj/Projectiles_b.o
                                          [ Projectiles_b ]
/Users/bryanrollins/GBStudio/TEMP/_gbsbuild/obj/Projectiles.o
                                          [ Projectiles ]
/Users/bryanrollins/GBStudio/TEMP/_gbsbuild/obj/ScriptRunner_b.o
                                          [ ScriptRunner_b ]
/Users/bryanrollins/GBStudio/TEMP/_gbsbuild/obj/ScriptRunner.o
                                          [ ScriptRunner ]
/Users/bryanrollins/GBStudio/TEMP/_gbsbuild/obj/Scroll_a.o
                                          [  ]
/Users/bryanrollins/GBStudio/TEMP/_gbsbuild/obj/Scroll_b.o
                                          [ Scroll_b ]
/Users/bryanrollins/GBStudio/TEMP/_gbsbuild/obj/Scroll.o
                                          [ Scroll ]
/Users/bryanrollins/GBStudio/TEMP/_gbsbuild/obj/Sprite_b.o
                                          [ Sprite_b ]
/Users/bryanrollins/GBStudio/TEMP/_gbsbuild/obj/Sprite.o
                                          [ Sprite ]
/Users/bryanrollins/GBStudio/TEMP/_gbsbuild/obj/Stack.o
                                          [ Stack ]
/Users/bryanrollins/GBStudio/TEMP/_gbsbuild/obj/Trigger_b.o
                                          [ Trigger_b ]
/Users/bryanrollins/GBStudio/TEMP/_gbsbuild/obj/Trigger.o
                                          [ Trigger ]
/Users/bryanrollins/GBStudio/TEMP/_gbsbuild/obj/UI_a.o
                                          [  ]
/Users/bryanrollins/GBStudio/TEMP/_gbsbuild/obj/UI_b.o
                                          [ UI_b ]
/Users/bryanrollins/GBStudio/TEMP/_gbsbuild/obj/UI.o
                                          [ UI ]
/Users/bryanrollins/GBStudio/TEMP/_gbsbuild/obj/bank_6.o
                                          [ bank_6 ]
/Users/bryanrollins/GBStudio/TEMP/_gbsbuild/obj/bank_7.o
                                          [ bank_7 ]
/Users/bryanrollins/GBStudio/TEMP/_gbsbuild/obj/bank_8.o
                                          [ bank_8 ]
/Users/bryanrollins/GBStudio/TEMP/_gbsbuild/obj/bank_9.o
                                          [ bank_9 ]
/Users/bryanrollins/GBStudio/TEMP/_gbsbuild/obj/data_ptrs.o
                                          [ data_ptrs ]
/Users/bryanrollins/GBStudio/TEMP/_gbsbuild/obj/main.o
                                          [ main ]
/Users/bryanrollins/GBStudio/TEMP/_gbsbuild/obj/music_bank_10.o
                                          [ music_bank_10 ]
/Users/bryanrollins/GBStudio/TEMP/_gbsbuild/obj/Adventure.o
                                          [ Adventure ]
/Users/bryanrollins/GBStudio/TEMP/_gbsbuild/obj/Platform.o
                                          [ Platform ]
/Users/bryanrollins/GBStudio/TEMP/_gbsbuild/obj/PointNClick.o
                                          [ PointNClick ]
/Users/bryanrollins/GBStudio/TEMP/_gbsbuild/obj/Shmup.o
                                          [ Shmup ]
/Users/bryanrollins/GBStudio/TEMP/_gbsbuild/obj/TopDown.o
                                          [ TopDown ]


Libraries Linked                          [ object file ]

/Users/bryanrollins/GBStudio/TEMP//_gbstools/gbdk/lib/small/asxxxx/gb/gb.lib
                                          [ fill_rect_wi.o ]
/Users/bryanrollins/GBStudio/TEMP//_gbstools/gbdk/lib/small/asxxxx/gbz80/gbz80.lib
                                          [ _strcpy.o ]
/Users/bryanrollins/GBStudio/TEMP//_gbstools/gbdk/lib/small/asxxxx/gb/gb.lib
                                          [ rand.o ]
/Users/bryanrollins/GBStudio/TEMP//_gbstools/gbdk/lib/small/asxxxx/gb/gb.lib
                                          [ sfr.o ]
/Users/bryanrollins/GBStudio/TEMP//_gbstools/gbdk/lib/small/asxxxx/gbz80/gbz80.lib
                                          [ itoa.o ]
/Users/bryanrollins/GBStudio/TEMP//_gbstools/gbdk/lib/small/asxxxx/gbz80/gbz80.lib
                                          [ div.o ]
/Users/bryanrollins/GBStudio/TEMP//_gbstools/gbdk/lib/small/asxxxx/gb/gb.lib
                                          [ tim.o ]
/Users/bryanrollins/GBStudio/TEMP//_gbstools/gbdk/lib/small/asxxxx/gbz80/gbz80.lib
                                          [ mul.o ]
/Users/bryanrollins/GBStudio/TEMP//_gbstools/gbdk/lib/small/asxxxx/gb/gb.lib
                                          [ set_wi_t.o ]
/Users/bryanrollins/GBStudio/TEMP//_gbstools/gbdk/lib/small/asxxxx/gb/gb.lib
                                          [ set_data.o ]
/Users/bryanrollins/GBStudio/TEMP//_gbstools/gbdk/lib/small/asxxxx/gb/gb.lib
                                          [ fill_rect.o ]
/Users/bryanrollins/GBStudio/TEMP//_gbstools/gbdk/lib/small/asxxxx/gb/gb.lib
                                          [ pad.o ]
/Users/bryanrollins/GBStudio/TEMP//_gbstools/gbdk/lib/small/asxxxx/gbz80/gbz80.lib
                                          [ __sdcc_call_hl.o ]
/Users/bryanrollins/GBStudio/TEMP//_gbstools/gbdk/lib/small/asxxxx/gbz80/gbz80.lib
                                          [ _memset.o ]
/Users/bryanrollins/GBStudio/TEMP//_gbstools/gbdk/lib/small/asxxxx/gbz80/gbz80.lib
                                          [ _memcpy.o ]
/Users/bryanrollins/GBStudio/TEMP//_gbstools/gbdk/lib/small/asxxxx/gb/gb.lib
                                          [ ___sdcc_bcall_ehl.o ]
/Users/bryanrollins/GBStudio/TEMP//_gbstools/gbdk/lib/small/asxxxx/gb/gb.lib
                                          [ bgb_emu.o ]
/Users/bryanrollins/GBStudio/TEMP//_gbstools/gbdk/lib/small/asxxxx/gbz80/gbz80.lib
                                          [ strcat.o ]
/Users/bryanrollins/GBStudio/TEMP//_gbstools/gbdk/lib/small/asxxxx/gbz80/gbz80.lib
                                          [ strlen.o ]
/Users/bryanrollins/GBStudio/TEMP//_gbstools/gbdk/lib/small/asxxxx/gb/gb.lib
                                          [ lcd.o ]
/Users/bryanrollins/GBStudio/TEMP//_gbstools/gbdk/lib/small/asxxxx/gb/gb.lib
                                          [ cpy_data.o ]
/Users/bryanrollins/GBStudio/TEMP//_gbstools/gbdk/lib/small/asxxxx/gb/gb.lib
                                          [ set_xy_t.o ]

ASxxxx Linker V03.00 + NoICE + sdld,  page 98.

User Base Address Definitions

_DATA=0xc0a0
_CODE=0x0200
ASxxxx Linker V03.00 + NoICE + sdld,  page 99.

User Global Definitions

_shadow_OAM=0xC000
.STACK=0xE000
.refresh_OAM=0xFF80

